vrushali@ubuntu:~$ apt-get install ntp
E: Could not open lock file /var/lib/dpkg/lock-frontend - open (13: Permission denied)
E: Unable to acquire the dpkg frontend lock (/var/lib/dpkg/lock-frontend), are you root?
vrushali@ubuntu:~$ sudo apt-get update
[sudo] password for vrushali: 
Get:1 http://security.ubuntu.com/ubuntu focal-security InRelease [114 kB]      
Hit:2 http://us.archive.ubuntu.com/ubuntu focal InRelease                      
Get:3 http://us.archive.ubuntu.com/ubuntu focal-updates InRelease [114 kB]
Get:4 http://security.ubuntu.com/ubuntu focal-security/main amd64 DEP-11 Metadata [40.7 kB]
Get:5 http://us.archive.ubuntu.com/ubuntu focal-backports InRelease [108 kB]
Get:6 http://security.ubuntu.com/ubuntu focal-security/universe amd64 DEP-11 Metadata [66.6 kB]
Get:7 http://security.ubuntu.com/ubuntu focal-security/multiverse amd64 DEP-11 Metadata [2,464 B]
Get:8 http://us.archive.ubuntu.com/ubuntu focal-updates/main amd64 DEP-11 Metadata [278 kB]
Get:9 http://us.archive.ubuntu.com/ubuntu focal-updates/universe amd64 DEP-11 Metadata [391 kB]
Get:10 http://us.archive.ubuntu.com/ubuntu focal-updates/multiverse amd64 DEP-11 Metadata [944 B]
Get:11 http://us.archive.ubuntu.com/ubuntu focal-backports/main amd64 DEP-11 Metadata [7,984 B]
Get:12 http://us.archive.ubuntu.com/ubuntu focal-backports/universe amd64 DEP-11 Metadata [30.7 kB]
Fetched 1,154 kB in 8s (141 kB/s)                                              
Reading package lists... Done
vrushali@ubuntu:~$ sudo apt-get install ntp
Reading package lists... Done
Building dependency tree       
Reading state information... Done
The following additional packages will be installed:
  libevent-core-2.1-7 libevent-pthreads-2.1-7 libopts25 sntp
Suggested packages:
  ntp-doc
The following packages will be REMOVED:
  systemd-timesyncd
The following NEW packages will be installed:
  libevent-core-2.1-7 libevent-pthreads-2.1-7 libopts25 ntp sntp
0 upgraded, 5 newly installed, 1 to remove and 16 not upgraded.
Need to get 875 kB of archives.
After this operation, 2,483 kB of additional disk space will be used.
Do you want to continue? [Y/n] ^Z
[1]+  Stopped                 sudo apt-get install ntp
vrushali@ubuntu:~$ sudo nano /etc/ntp.conf
vrushali@ubuntu:~$ sudo service ntp restart
